// Jest Snapshot v1, https://goo.gl/fbAQLP

exports[`<Signin /> renders and matches snapshot 1`] = `
<form
  className="Form-sc-1xszr8q-0 fCpNnG"
  method="post"
  onSubmit={[Function]}
>
  <fieldset
    aria-busy={false}
    disabled={false}
  >
    <h2>
      Sign Into Your Account
    </h2>
    <DisplayError
      error={Object {}}
    />
    <label
      htmlFor="email"
    >
      Email
      <input
        name="email"
        onChange={[Function]}
        placeholder="email"
        type="email"
        value=""
      />
    </label>
    <label
      htmlFor="password"
    >
      Password
      <input
        name="password"
        onChange={[Function]}
        placeholder="password"
        type="password"
        value=""
      />
    </label>
    <button
      type="submit"
    >
      Sign In!
    </button>
  </fieldset>
</form>
`;
