// Jest Snapshot v1, https://goo.gl/fbAQLP

exports[`<SingleItem /> errors with a not found item 1`] = `
<p
  data-test="graphql-error"
>
  <strong>
    Shoot!
  </strong>
  Items not found
</p>
`;

exports[`<SingleItem /> renders with proper data 1`] = `
<h2>
  Viewing 
  Huskies
</h2>
`;

exports[`<SingleItem /> renders with proper data 2`] = `
<img
  alt="Huskies"
  src="dog.jpg"
/>
`;

exports[`<SingleItem /> renders with proper data 3`] = `
<p>
  Derpy ass dogs
</p>
`;
